NOTE: PROCEDURE PRINTTO used (Total process time):
      real time           0.00 seconds
      user cpu time       0.00 seconds
      system cpu time     0.00 seconds
      memory              256.46k
      OS Memory           26020.00k
      Timestamp           09/30/2026 11:53:37 PM
      Step Count                        70  Switch Count  0
                                                           The SAS System

      Page Faults                       0
      Page Reclaims                     17
      Page Swaps                        0
      Voluntary Context Switches        7
      Involuntary Context Switches      0
      Block Input Operations            0
      Block Output Operations           0
      


NOTE: DATA statement used (Total process time):
      real time           0.00 seconds
      user cpu time       0.00 seconds
      system cpu time     0.00 seconds
      memory              350.46k
      OS Memory           26020.00k
      Timestamp           09/30/2026 11:53:37 PM
      Step Count                        71  Switch Count  0
      Page Faults                       0
      Page Reclaims                     16
      Page Swaps                        0
      Voluntary Context Switches        10
      Involuntary Context Switches      0
      Block Input Operations            0
      Block Output Operations           0
      


NOTE: The infile "<SAS_HOME>/sas-data-reporting/data/subjects.csv" is:
      Filename=<SAS_HOME>/sas-data-reporting/data/subjects.csv,
      Owner Name=<SAS_USER>,Group Name=oda,
      Access Permission=-rw-r--r--,
      Last Modified=30Sep2026:19:53:36,
      File Size (bytes)=1191

NOTE: 1 record was read from the infile "<SAS_HOME>/sas-data-reporting/data/subjects.csv".
      The minimum record length was 24.
      The maximum record length was 24.
NOTE: DATA statement used (Total process time):
      real time           0.02 seconds
      user cpu time       0.00 seconds
      system cpu time     0.00 seconds
      memory              374.59k
      OS Memory           26020.00k
      Timestamp           09/30/2026 11:53:37 PM
      Step Count                        72  Switch Count  0
      Page Faults                       0
      Page Reclaims                     14
      Page Swaps                        0
      Voluntary Context Switches        9
      Involuntary Context Switches      0
      Block Input Operations            0
      Block Output Operations           0
      


NOTE: The infile "<SAS_HOME>/sas-data-reporting/data/adverse_events.csv" is:
      Filename=<SAS_HOME>/sas-data-reporting/data/adverse_events.csv,
                                                           The SAS System

      Owner Name=<SAS_USER>,Group Name=oda,
      Access Permission=-rw-r--r--,
      Last Modified=30Sep2026:19:53:37,
      File Size (bytes)=2089

NOTE: 1 record was read from the infile "<SAS_HOME>/sas-data-reporting/data/adverse_events.csv".
      The minimum record length was 28.
      The maximum record length was 28.
NOTE: DATA statement used (Total process time):
      real time           0.00 seconds
      user cpu time       0.00 seconds
      system cpu time     0.00 seconds
      memory              374.59k
      OS Memory           26020.00k
      Timestamp           09/30/2026 11:53:37 PM
      Step Count                        73  Switch Count  0
      Page Faults                       0
      Page Reclaims                     18
      Page Swaps                        0
      Voluntary Context Switches        6
      Involuntary Context Switches      0
      Block Input Operations            0
      Block Output Operations           8
      


NOTE: The infile "<SAS_HOME>/sas-data-reporting/data/subjects.csv" is:
      Filename=<SAS_HOME>/sas-data-reporting/data/subjects.csv,
      Owner Name=<SAS_USER>,Group Name=oda,
      Access Permission=-rw-r--r--,
      Last Modified=30Sep2026:19:53:36,
      File Size (bytes)=1191

NOTE: 60 records were read from the infile "<SAS_HOME>/sas-data-reporting/data/subjects.csv".
      The minimum record length was 16.
      The maximum record length was 19.
NOTE: Missing values were generated as a result of performing an operation on missing values.
      Each place is given by: (Number of times) at (Line):(Column).
      2 at 400:135   
NOTE: The data set WORK.SUBJECTS has 60 observations and 5 variables.
NOTE: The data set WORK.SUBJECT_ERRORS has 0 observations and 2 variables.
NOTE: DATA statement used (Total process time):
      real time           0.00 seconds
      user cpu time       0.01 seconds
      system cpu time     0.00 seconds
      memory              1064.53k
      OS Memory           26540.00k
      Timestamp           09/30/2026 11:53:37 PM
      Step Count                        74  Switch Count  4
      Page Faults                       0
      Page Reclaims                     142
      Page Swaps                        0
      Voluntary Context Switches        25
      Involuntary Context Switches      0
      Block Input Operations            0
      Block Output Operations           528
      

                                                           The SAS System


NOTE: The infile "<SAS_HOME>/sas-data-reporting/data/adverse_events.csv" is:
      Filename=<SAS_HOME>/sas-data-reporting/data/adverse_events.csv,
      Owner Name=<SAS_USER>,Group Name=oda,
      Access Permission=-rw-r--r--,
      Last Modified=30Sep2026:19:53:37,
      File Size (bytes)=2089

NOTE: 91 records were read from the infile "<SAS_HOME>/sas-data-reporting/data/adverse_events.csv".
      The minimum record length was 18.
      The maximum record length was 25.
NOTE: The data set WORK.EVENTS_RAW has 91 observations and 4 variables.
NOTE: The data set WORK.EVENT_ERRORS has 0 observations and 2 variables.
NOTE: DATA statement used (Total process time):
      real time           0.00 seconds
      user cpu time       0.00 seconds
      system cpu time     0.00 seconds
      memory              1053.93k
      OS Memory           26540.00k
      Timestamp           09/30/2026 11:53:37 PM
      Step Count                        75  Switch Count  4
      Page Faults                       0
      Page Reclaims                     142
      Page Swaps                        0
      Voluntary Context Switches        25
      Involuntary Context Switches      0
      Block Input Operations            0
      Block Output Operations           528
      


NOTE: There were 91 observations read from the data set WORK.EVENTS_RAW.
NOTE: 1 observations with duplicate key values were deleted.
NOTE: The data set WORK.EVENTS_UNIQUE has 90 observations and 4 variables.
NOTE: The data set WORK.EVENT_DUPLICATES has 1 observations and 4 variables.
NOTE: PROCEDURE SORT used (Total process time):
      real time           0.00 seconds
      user cpu time       0.00 seconds
      system cpu time     0.00 seconds
      memory              1340.34k
      OS Memory           27060.00k
      Timestamp           09/30/2026 11:53:37 PM
      Step Count                        76  Switch Count  4
      Page Faults                       0
      Page Reclaims                     211
      Page Swaps                        0
      Voluntary Context Switches        20
      Involuntary Context Switches      1
      Block Input Operations            0
      Block Output Operations           536
      

NOTE: Table WORK.DUPLICATE_SUBJECTS created, with 0 rows and 2 columns.

NOTE: Table WORK.CONFLICTING_EVENTS created, with 0 rows and 3 columns.

NOTE: Table WORK.UNKNOWN_SUBJECTS created, with 0 rows and 4 columns.

                                                           The SAS System

NOTE: Table WORK.VALIDATION_COUNTS created, with 5 rows and 1 columns.

NOTE: PROCEDURE SQL used (Total process time):
      real time           0.02 seconds
      user cpu time       0.02 seconds
      system cpu time     0.01 seconds
      memory              6749.21k
      OS Memory           32444.00k
      Timestamp           09/30/2026 11:53:37 PM
      Step Count                        77  Switch Count  8
      Page Faults                       0
      Page Reclaims                     886
      Page Swaps                        0
      Voluntary Context Switches        43
      Involuntary Context Switches      5
      Block Input Operations            0
      Block Output Operations           1080
      


NOTE: There were 60 observations read from the data set WORK.SUBJECTS.
NOTE: The data set WORK.SAFETY has 56 observations and 5 variables.
NOTE: DATA statement used (Total process time):
      real time           0.00 seconds
      user cpu time       0.00 seconds
      system cpu time     0.00 seconds
      memory              799.62k
      OS Memory           26540.00k
      Timestamp           09/30/2026 11:53:37 PM
      Step Count                        78  Switch Count  2
      Page Faults                       0
      Page Reclaims                     112
      Page Swaps                        0
      Voluntary Context Switches        10
      Involuntary Context Switches      0
      Block Input Operations            0
      Block Output Operations           264
      


NOTE: The data set WORK.PLANNED_ARMS has 2 observations and 1 variables.
NOTE: DATA statement used (Total process time):
      real time           0.00 seconds
      user cpu time       0.00 seconds
      system cpu time     0.00 seconds
      memory              518.62k
      OS Memory           26280.00k
      Timestamp           09/30/2026 11:53:37 PM
      Step Count                        79  Switch Count  2
      Page Faults                       0
      Page Reclaims                     78
      Page Swaps                        0
      Voluntary Context Switches        16
      Involuntary Context Switches      0
      Block Input Operations            0
      Block Output Operations           264
      

                                                           The SAS System

NOTE: Table WORK.DENOMINATORS created, with 2 rows and 2 columns.

NOTE: PROCEDURE SQL used (Total process time):
      real time           0.00 seconds
      user cpu time       0.01 seconds
      system cpu time     0.00 seconds
      memory              5749.12k
      OS Memory           31664.00k
      Timestamp           09/30/2026 11:53:37 PM
      Step Count                        80  Switch Count  2
      Page Faults                       0
      Page Reclaims                     267
      Page Swaps                        0
      Voluntary Context Switches        19
      Involuntary Context Switches      0
      Block Input Operations            0
      Block Output Operations           280
      


NOTE: There were 56 observations read from the data set WORK.SAFETY.
NOTE: The data set WORK.AGE_STATS has 2 observations and 6 variables.
NOTE: PROCEDURE MEANS used (Total process time):
      real time           0.00 seconds
      user cpu time       0.00 seconds
      system cpu time     0.00 seconds
      memory              8986.75k
      OS Memory           34752.00k
      Timestamp           09/30/2026 11:53:37 PM
      Step Count                        81  Switch Count  3
      Page Faults                       0
      Page Reclaims                     2026
      Page Swaps                        0
      Voluntary Context Switches        22
      Involuntary Context Switches      0
      Block Input Operations            0
      Block Output Operations           264
      


NOTE: There were 56 observations read from the data set WORK.SAFETY.
NOTE: The data set WORK.SEX_COUNTS has 4 observations and 4 variables.
NOTE: PROCEDURE FREQ used (Total process time):
      real time           0.00 seconds
      user cpu time       0.01 seconds
      system cpu time     0.00 seconds
      memory              1952.75k
      OS Memory           28348.00k
      Timestamp           09/30/2026 11:53:37 PM
      Step Count                        82  Switch Count  10
      Page Faults                       0
      Page Reclaims                     375
      Page Swaps                        0
      Voluntary Context Switches        47
      Involuntary Context Switches      0
      Block Input Operations            0
      Block Output Operations           1320
      
                                                           The SAS System


NOTE: Table WORK.DEMOGRAPHICS created, with 2 rows and 12 columns.

NOTE: Table WORK.SAFETY_EVENTS created, with 83 rows and 5 columns.

NOTE: PROCEDURE SQL used (Total process time):
      real time           0.00 seconds
      user cpu time       0.00 seconds
      system cpu time     0.01 seconds
      memory              6196.15k
      OS Memory           32692.00k
      Timestamp           09/30/2026 11:53:37 PM
      Step Count                        83  Switch Count  4
      Page Faults                       0
      Page Reclaims                     523
      Page Swaps                        0
      Voluntary Context Switches        21
      Involuntary Context Switches      1
      Block Input Operations            0
      Block Output Operations           560
      


NOTE: There were 83 observations read from the data set WORK.SAFETY_EVENTS.
NOTE: 9 observations with duplicate key values were deleted.
NOTE: The data set WORK.SUBJECT_TERMS has 74 observations and 3 variables.
NOTE: PROCEDURE SORT used (Total process time):
      real time           0.00 seconds
      user cpu time       0.00 seconds
      system cpu time     0.00 seconds
      memory              1074.81k
      OS Memory           27312.00k
      Timestamp           09/30/2026 11:53:37 PM
      Step Count                        84  Switch Count  2
      Page Faults                       0
      Page Reclaims                     181
      Page Swaps                        0
      Voluntary Context Switches        11
      Involuntary Context Switches      0
      Block Input Operations            0
      Block Output Operations           280
      


NOTE: The data set WORK.CATEGORIES has 5 observations and 1 variables.
NOTE: DATA statement used (Total process time):
      real time           0.00 seconds
      user cpu time       0.00 seconds
      system cpu time     0.00 seconds
      memory              522.09k
      OS Memory           26792.00k
      Timestamp           09/30/2026 11:53:37 PM
      Step Count                        85  Switch Count  2
      Page Faults                       0
      Page Reclaims                     78
      Page Swaps                        0
      Voluntary Context Switches        11
      Involuntary Context Switches      0
                                                           The SAS System

      Block Input Operations            0
      Block Output Operations           264
      

NOTE: Table WORK.EVENT_COUNTS created, with 10 rows and 3 columns.

NOTE: The execution of this query involves performing one or more Cartesian product joins that can not be optimized.
NOTE: Table WORK.AE_INCIDENCE created, with 10 rows and 5 columns.

NOTE: PROCEDURE SQL used (Total process time):
      real time           0.02 seconds
      user cpu time       0.01 seconds
      system cpu time     0.00 seconds
      memory              6203.43k
      OS Memory           32436.00k
      Timestamp           09/30/2026 11:53:37 PM
      Step Count                        86  Switch Count  4
      Page Faults                       0
      Page Reclaims                     719
      Page Swaps                        0
      Voluntary Context Switches        35
      Involuntary Context Switches      1
      Block Input Operations            0
      Block Output Operations           560
      


NOTE: The data set WORK.QC_SUMMARY has 8 observations and 2 variables.
NOTE: DATA statement used (Total process time):
      real time           0.00 seconds
      user cpu time       0.00 seconds
      system cpu time     0.00 seconds
      memory              531.25k
      OS Memory           27048.00k
      Timestamp           09/30/2026 11:53:37 PM
      Step Count                        87  Switch Count  2
      Page Faults                       0
      Page Reclaims                     78
      Page Swaps                        0
      Voluntary Context Switches        9
      Involuntary Context Switches      0
      Block Input Operations            0
      Block Output Operations           264
      


NOTE: Unable to open parameter catalog: SASUSER.PARMS.PARMS.SLIST in update mode. Temporary parameter values will be saved to 
WORK.PARMS.PARMS.SLIST.
401         /**********************************************************************
402         *   PRODUCT:   SAS
403         *   VERSION:   9.4
404         *   CREATOR:   External File Interface
405         *   DATE:      30SEP26
406         *   DESC:      Generated SAS Datastep Code
407         *   TEMPLATE SOURCE:  (None Specified.)
408         ***********************************************************************/
409            data _null_;
410            %let _EFIERR_ = 0; /* set the ERROR detection macro variable */
                                                           The SAS System

411            %let _EFIREC_ = 0;     /* clear export record count macro variable */
412            file '<SAS_HOME>/sas-data-reporting/outputs/denominators.csv' delimiter=',' DSD DROPOVER lrecl=32767;
413            if _n_ = 1 then        /* write column names or labels */
414             do;
415               put
416                  "ARM"
417               ','
418                  "N"
419               ;
420             end;
421           set  DENOMINATORS   end=EFIEOD;
422               format ARM $7. ;
423               format N best12. ;
424             do;
425               EFIOUT + 1;
426               put ARM $ @;
427               put N ;
428               ;
429             end;
430            if _ERROR_ then call symputx('_EFIERR_',1);  /* set ERROR detection macro variable */
431            if EFIEOD then call symputx('_EFIREC_',EFIOUT);
432            run;

NOTE: The file '<SAS_HOME>/sas-data-reporting/outputs/denominators.csv' is:
      Filename=<SAS_HOME>/sas-data-reporting/outputs/denominators.csv,
      Owner Name=<SAS_USER>,Group Name=oda,
      Access Permission=-rw-r--r--,
      Last Modified=30Sep2026:19:53:37

NOTE: 3 records were written to the file '<SAS_HOME>/sas-data-reporting/outputs/denominators.csv'.
      The minimum record length was 5.
      The maximum record length was 10.
NOTE: There were 2 observations read from the data set WORK.DENOMINATORS.
NOTE: DATA statement used (Total process time):
      real time           0.00 seconds
      user cpu time       0.01 seconds
      system cpu time     0.00 seconds
      memory              9031.18k
      OS Memory           32028.00k
      Timestamp           09/30/2026 11:53:37 PM
      Step Count                        88  Switch Count  0
      Page Faults                       0
      Page Reclaims                     77
      Page Swaps                        0
      Voluntary Context Switches        9
      Involuntary Context Switches      0
      Block Input Operations            0
      Block Output Operations           8
      

2 records created in <SAS_HOME>/sas-data-reporting/outputs/denominators.csv from DENOMINATORS.
  
  
NOTE: "<SAS_HOME>/sas-data-reporting/outputs/denominators.csv" file was successfully created.
NOTE: PROCEDURE EXPORT used (Total process time):
      real time           0.03 seconds
      user cpu time       0.02 seconds
      system cpu time     0.01 seconds
                                                           The SAS System

      memory              9040.21k
      OS Memory           32288.00k
      Timestamp           09/30/2026 11:53:37 PM
      Step Count                        88  Switch Count  8
      Page Faults                       0
      Page Reclaims                     983
      Page Swaps                        0
      Voluntary Context Switches        63
      Involuntary Context Switches      2
      Block Input Operations            0
      Block Output Operations           64
      


NOTE: Unable to open parameter catalog: SASUSER.PARMS.PARMS.SLIST in update mode. Temporary parameter values will be saved to 
WORK.PARMS.PARMS.SLIST.
433         /**********************************************************************
434         *   PRODUCT:   SAS
435         *   VERSION:   9.4
436         *   CREATOR:   External File Interface
437         *   DATE:      30SEP26
438         *   DESC:      Generated SAS Datastep Code
439         *   TEMPLATE SOURCE:  (None Specified.)
440         ***********************************************************************/
441            data _null_;
442            %let _EFIERR_ = 0; /* set the ERROR detection macro variable */
443            %let _EFIREC_ = 0;     /* clear export record count macro variable */
444            file '<SAS_HOME>/sas-data-reporting/outputs/demographics.csv' delimiter=',' DSD DROPOVER lrecl=32767;
445            if _n_ = 1 then        /* write column names or labels */
446             do;
447               put
448                  "ARM"
449               ','
450                  "N"
451               ','
452                  "AGE_N"
453               ','
454                  "AGE_MISSING"
455               ','
456                  "AGE_MEAN"
457               ','
458                  "AGE_SD"
459               ','
460                  "AGE_MIN"
461               ','
462                  "AGE_MAX"
463               ','
464                  "FEMALE_N"
465               ','
466                  "MALE_N"
467               ','
468                  "FEMALE_PCT"
469               ','
470                  "MALE_PCT"
471               ;
472             end;
473           set  DEMOGRAPHICS   end=EFIEOD;
474               format ARM $7. ;
                                                           The SAS System

475               format N best12. ;
476               format AGE_N best12. ;
477               format AGE_MISSING best12. ;
478               format AGE_MEAN 12.4 ;
479               format AGE_SD 12.4 ;
480               format AGE_MIN best12. ;
481               format AGE_MAX best12. ;
482               format FEMALE_N best12. ;
483               format MALE_N best12. ;
484               format FEMALE_PCT 12.4 ;
485               format MALE_PCT 12.4 ;
486             do;
487               EFIOUT + 1;
488               put ARM $ @;
489               put N @;
490               put AGE_N @;
491               put AGE_MISSING @;
492               put AGE_MEAN @;
493               put AGE_SD @;
494               put AGE_MIN @;
495               put AGE_MAX @;
496               put FEMALE_N @;
497               put MALE_N @;
498               put FEMALE_PCT @;
499               put MALE_PCT ;
500               ;
501             end;
502            if _ERROR_ then call symputx('_EFIERR_',1);  /* set ERROR detection macro variable */
503            if EFIEOD then call symputx('_EFIREC_',EFIOUT);
504            run;

NOTE: The file '<SAS_HOME>/sas-data-reporting/outputs/demographics.csv' is:
      Filename=<SAS_HOME>/sas-data-reporting/outputs/demographics.csv,
      Owner Name=<SAS_USER>,Group Name=oda,
      Access Permission=-rw-r--r--,
      Last Modified=30Sep2026:19:53:37

NOTE: 3 records were written to the file '<SAS_HOME>/sas-data-reporting/outputs/demographics.csv'.
      The minimum record length was 58.
      The maximum record length was 91.
NOTE: There were 2 observations read from the data set WORK.DEMOGRAPHICS.
NOTE: DATA statement used (Total process time):
      real time           0.00 seconds
      user cpu time       0.01 seconds
      system cpu time     0.00 seconds
      memory              9079.68k
      OS Memory           32028.00k
      Timestamp           09/30/2026 11:53:37 PM
      Step Count                        89  Switch Count  0
      Page Faults                       0
      Page Reclaims                     80
      Page Swaps                        0
      Voluntary Context Switches        9
      Involuntary Context Switches      0
      Block Input Operations            0
      Block Output Operations           16
      

                                                           The SAS System

2 records created in <SAS_HOME>/sas-data-reporting/outputs/demographics.csv from DEMOGRAPHICS.
  
  
NOTE: "<SAS_HOME>/sas-data-reporting/outputs/demographics.csv" file was successfully created.
NOTE: PROCEDURE EXPORT used (Total process time):
      real time           0.03 seconds
      user cpu time       0.02 seconds
      system cpu time     0.00 seconds
      memory              9079.68k
      OS Memory           32288.00k
      Timestamp           09/30/2026 11:53:37 PM
      Step Count                        89  Switch Count  7
      Page Faults                       0
      Page Reclaims                     1053
      Page Swaps                        0
      Voluntary Context Switches        47
      Involuntary Context Switches      10
      Block Input Operations            0
      Block Output Operations           40
      


NOTE: Unable to open parameter catalog: SASUSER.PARMS.PARMS.SLIST in update mode. Temporary parameter values will be saved to 
WORK.PARMS.PARMS.SLIST.
505         /**********************************************************************
506         *   PRODUCT:   SAS
507         *   VERSION:   9.4
508         *   CREATOR:   External File Interface
509         *   DATE:      30SEP26
510         *   DESC:      Generated SAS Datastep Code
511         *   TEMPLATE SOURCE:  (None Specified.)
512         ***********************************************************************/
513            data _null_;
514            %let _EFIERR_ = 0; /* set the ERROR detection macro variable */
515            %let _EFIREC_ = 0;     /* clear export record count macro variable */
516            file '<SAS_HOME>/sas-data-reporting/outputs/ae_incidence.csv' delimiter=',' DSD DROPOVER lrecl=32767;
517            if _n_ = 1 then        /* write column names or labels */
518             do;
519               put
520                  "ARM"
521               ','
522                  "CATEGORY"
523               ','
524                  "SUBJECT_N"
525               ','
526                  "N"
527               ','
528                  "PCT"
529               ;
530             end;
531           set  AE_INCIDENCE   end=EFIEOD;
532               format ARM $7. ;
533               format CATEGORY $9. ;
534               format SUBJECT_N best12. ;
535               format N best12. ;
536               format PCT 12.4 ;
537             do;
538               EFIOUT + 1;
                                                           The SAS System

539               put ARM $ @;
540               put CATEGORY $ @;
541               put SUBJECT_N @;
542               put N @;
543               put PCT ;
544               ;
545             end;
546            if _ERROR_ then call symputx('_EFIERR_',1);  /* set ERROR detection macro variable */
547            if EFIEOD then call symputx('_EFIREC_',EFIOUT);
548            run;

NOTE: The file '<SAS_HOME>/sas-data-reporting/outputs/ae_incidence.csv' is:
      Filename=<SAS_HOME>/sas-data-reporting/outputs/ae_incidence.csv,
      Owner Name=<SAS_USER>,Group Name=oda,
      Access Permission=-rw-r--r--,
      Last Modified=30Sep2026:19:53:37

NOTE: 11 records were written to the file '<SAS_HOME>/sas-data-reporting/outputs/ae_incidence.csv'.
      The minimum record length was 27.
      The maximum record length was 31.
NOTE: There were 10 observations read from the data set WORK.AE_INCIDENCE.
NOTE: DATA statement used (Total process time):
      real time           0.00 seconds
      user cpu time       0.00 seconds
      system cpu time     0.00 seconds
      memory              9044.71k
      OS Memory           32028.00k
      Timestamp           09/30/2026 11:53:37 PM
      Step Count                        90  Switch Count  0
      Page Faults                       0
      Page Reclaims                     66
      Page Swaps                        0
      Voluntary Context Switches        9
      Involuntary Context Switches      0
      Block Input Operations            0
      Block Output Operations           16
      

10 records created in <SAS_HOME>/sas-data-reporting/outputs/ae_incidence.csv from AE_INCIDENCE.
  
  
NOTE: "<SAS_HOME>/sas-data-reporting/outputs/ae_incidence.csv" file was successfully created.
NOTE: PROCEDURE EXPORT used (Total process time):
      real time           0.02 seconds
      user cpu time       0.02 seconds
      system cpu time     0.01 seconds
      memory              9044.71k
      OS Memory           32288.00k
      Timestamp           09/30/2026 11:53:37 PM
      Step Count                        90  Switch Count  7
      Page Faults                       0
      Page Reclaims                     985
      Page Swaps                        0
      Voluntary Context Switches        47
      Involuntary Context Switches      2
      Block Input Operations            0
      Block Output Operations           32
      
                                                           The SAS System



NOTE: Unable to open parameter catalog: SASUSER.PARMS.PARMS.SLIST in update mode. Temporary parameter values will be saved to 
WORK.PARMS.PARMS.SLIST.
549         /**********************************************************************
550         *   PRODUCT:   SAS
551         *   VERSION:   9.4
552         *   CREATOR:   External File Interface
553         *   DATE:      30SEP26
554         *   DESC:      Generated SAS Datastep Code
555         *   TEMPLATE SOURCE:  (None Specified.)
556         ***********************************************************************/
557            data _null_;
558            %let _EFIERR_ = 0; /* set the ERROR detection macro variable */
559            %let _EFIREC_ = 0;     /* clear export record count macro variable */
560            file '<SAS_HOME>/sas-data-reporting/outputs/qc_summary.csv' delimiter=',' DSD DROPOVER lrecl=32767;
561            if _n_ = 1 then        /* write column names or labels */
562             do;
563               put
564                  "METRIC"
565               ','
566                  "VALUE"
567               ;
568             end;
569           set  QC_SUMMARY   end=EFIEOD;
570               format METRIC $40. ;
571               format VALUE best12. ;
572             do;
573               EFIOUT + 1;
574               put METRIC $ @;
575               put VALUE ;
576               ;
577             end;
578            if _ERROR_ then call symputx('_EFIERR_',1);  /* set ERROR detection macro variable */
579            if EFIEOD then call symputx('_EFIREC_',EFIOUT);
580            run;

NOTE: The file '<SAS_HOME>/sas-data-reporting/outputs/qc_summary.csv' is:
      Filename=<SAS_HOME>/sas-data-reporting/outputs/qc_summary.csv,
      Owner Name=<SAS_USER>,Group Name=oda,
      Access Permission=-rw-r--r--,
      Last Modified=30Sep2026:19:53:37

NOTE: 9 records were written to the file '<SAS_HOME>/sas-data-reporting/outputs/qc_summary.csv'.
      The minimum record length was 12.
      The maximum record length was 33.
NOTE: There were 8 observations read from the data set WORK.QC_SUMMARY.
NOTE: DATA statement used (Total process time):
      real time           0.00 seconds
      user cpu time       0.00 seconds
      system cpu time     0.00 seconds
      memory              9035.31k
      OS Memory           32028.00k
      Timestamp           09/30/2026 11:53:37 PM
      Step Count                        91  Switch Count  0
      Page Faults                       0
      Page Reclaims                     70
      Page Swaps                        0
                                                           The SAS System

      Voluntary Context Switches        9
      Involuntary Context Switches      0
      Block Input Operations            0
      Block Output Operations           16
      

8 records created in <SAS_HOME>/sas-data-reporting/outputs/qc_summary.csv from QC_SUMMARY.
  
  
NOTE: "<SAS_HOME>/sas-data-reporting/outputs/qc_summary.csv" file was successfully created.
NOTE: PROCEDURE EXPORT used (Total process time):
      real time           0.02 seconds
      user cpu time       0.02 seconds
      system cpu time     0.00 seconds
      memory              9038.65k
      OS Memory           32288.00k
      Timestamp           09/30/2026 11:53:37 PM
      Step Count                        91  Switch Count  7
      Page Faults                       0
      Page Reclaims                     1003
      Page Swaps                        0
      Voluntary Context Switches        47
      Involuntary Context Switches      1
      Block Input Operations            0
      Block Output Operations           32
      

NOTE: Writing HTML Body file: study_summary.html

NOTE: There were 2 observations read from the data set WORK.DEMOGRAPHICS.
NOTE: PROCEDURE REPORT used (Total process time):
      real time           0.01 seconds
      user cpu time       0.02 seconds
      system cpu time     0.00 seconds
      memory              8646.06k
      OS Memory           37308.00k
      Timestamp           09/30/2026 11:53:37 PM
      Step Count                        92  Switch Count  0
      Page Faults                       0
      Page Reclaims                     2045
      Page Swaps                        0
      Voluntary Context Switches        6
      Involuntary Context Switches      1
      Block Input Operations            0
      Block Output Operations           72
      


NOTE: There were 10 observations read from the data set WORK.AE_INCIDENCE.
NOTE: PROCEDURE REPORT used (Total process time):
      real time           0.01 seconds
      user cpu time       0.01 seconds
      system cpu time     0.00 seconds
      memory              7882.12k
      OS Memory           38076.00k
      Timestamp           09/30/2026 11:53:37 PM
      Step Count                        93  Switch Count  1
      Page Faults                       0
                                                           The SAS System

      Page Reclaims                     1618
      Page Swaps                        0
      Voluntary Context Switches        11
      Involuntary Context Switches      0
      Block Input Operations            0
      Block Output Operations           24
      


NOTE: There were 8 observations read from the data set WORK.QC_SUMMARY.
NOTE: PROCEDURE REPORT used (Total process time):
      real time           0.01 seconds
      user cpu time       0.01 seconds
      system cpu time     0.00 seconds
      memory              7570.23k
      OS Memory           37564.00k
      Timestamp           09/30/2026 11:53:37 PM
      Step Count                        94  Switch Count  1
      Page Faults                       0
      Page Reclaims                     1473
      Page Swaps                        0
      Voluntary Context Switches        9
      Involuntary Context Switches      0
      Block Input Operations            0
      Block Output Operations           0
      


NOTE: The file "<SAS_HOME>/sas-data-reporting/outputs/RUN_COMPLETED.txt" is:
      Filename=<SAS_HOME>/sas-data-reporting/outputs/RUN_COMPLETED.txt,
      Owner Name=<SAS_USER>,Group Name=oda,
      Access Permission=-rw-r--r--,
      Last Modified=30Sep2026:19:53:37

NOTE: 1 record was written to the file "<SAS_HOME>/sas-data-reporting/outputs/RUN_COMPLETED.txt".
      The minimum record length was 85.
      The maximum record length was 85.
NOTE: DATA statement used (Total process time):
      real time           0.00 seconds
      user cpu time       0.01 seconds
      system cpu time     0.00 seconds
      memory              315.75k
      OS Memory           27300.00k
      Timestamp           09/30/2026 11:53:37 PM
      Step Count                        95  Switch Count  0
      Page Faults                       0
      Page Reclaims                     14
      Page Swaps                        0
      Voluntary Context Switches        9
      Involuntary Context Switches      1
      Block Input Operations            0
      Block Output Operations           16
      

NOTE: DEMO COMPLETED. Review outputs/sas_run.log and compare CSVs with the Python reference.

